Microchip MPLAB XC8 Compiler V2.36

Linker command line:

-W-3 --edf=C:\Program Files\Microchip\xc8\v2.36\pic\dat\en_msgs.txt -cn \
  -h+dist/default/production\taller.X.production.sym \
  --cmf=dist/default/production\taller.X.production.cmf -z -Q16F18855 \
  -oC:\Users\GODOSE~1\AppData\Local\Temp\xcAs189o.4 \
  --defsym=__MPLAB_BUILD=1 \
  -Mdist/default/production/taller.X.production.map \
  --md=C:\Users\GODOSE~1\AppData\Local\Temp\xcAs189o.dat -E1 \
  -ver=XC8 Compiler --acfsm=1493 -ACODE=00h-07FFhx4 -ASTRCODE=00h-01FFFh \
  -ASTRING=00h-0FFhx32 -ACONST=00h-0FFhx32 -AENTRY=00h-0FFhx32 \
  -ACOMMON=070h-07Fh -ABANK0=020h-06Fh -ABANK1=0A0h-0EFh \
  -ABANK2=0120h-016Fh -ABANK3=01A0h-01EFh -ABANK4=0220h-026Fh \
  -ABANK5=02A0h-02EFh -ABANK6=0320h-036Fh -ABANK7=03A0h-03EFh \
  -ABANK8=0420h-046Fh -ABANK9=04A0h-04EFh -ABANK10=0520h-056Fh \
  -ABANK11=05A0h-05EFh -ABANK12=0620h-064Fh -ABIGRAM=02000h-023EFh \
  -ARAM=020h-06Fh,0A0h-0EFh,0120h-016Fh,01A0h-01EFh,0220h-026Fh,02A0h-02EFh,0320h-036Fh,03A0h-03EFh,0420h-046Fh,04A0h-04EFh,0520h-056Fh,05A0h-05EFh,0620h-064Fh \
  -AABS1=020h-07Fh,0A0h-0EFh,0120h-016Fh,01A0h-01EFh,0220h-026Fh,02A0h-02EFh,0320h-036Fh,03A0h-03EFh,0420h-046Fh,04A0h-04EFh,0520h-056Fh,05A0h-05EFh,0620h-064Fh \
  -ASFR0=00h-01Fh -ASFR1=080h-09Fh -ASFR2=0100h-011Fh -ASFR3=0180h-019Fh \
  -ASFR4=0200h-021Fh -ASFR5=0280h-029Fh -ASFR6=0300h-031Fh \
  -ASFR7=0380h-039Fh -ASFR8=0400h-041Fh -ASFR9=0480h-049Fh \
  -ASFR10=0500h-051Fh -ASFR11=0580h-059Fh -ASFR12=0600h-061Fh \
  -ASFR13=0680h-06EFh -ASFR14=0700h-076Fh -ASFR15=0780h-07EFh \
  -ASFR16=0800h-086Fh -ASFR17=0880h-08EFh -ASFR18=0900h-096Fh \
  -ASFR19=0980h-09EFh -ASFR20=0A00h-0A6Fh -ASFR21=0A80h-0AEFh \
  -ASFR22=0B00h-0B6Fh -ASFR23=0B80h-0BEFh -ASFR24=0C00h-0C6Fh \
  -ASFR25=0C80h-0CEFh -ASFR26=0D00h-0D6Fh -ASFR27=0D80h-0DEFh \
  -ASFR28=0E00h-0E6Fh -ASFR29=0E80h-0EEFh -ASFR30=0F00h-0F6Fh \
  -ASFR31=0F80h-0FEFh -ACONFIG=08007h-0800Bh -DCONFIG=2 \
  -AIDLOC=08000h-08003h -DIDLOC=2 -AEEDATA=00h-0FFh/0F000h \
  -peeprom_data=EEDATA -DEEDATA=2 -DCODE=2 -DSTRCODE=2 -DSTRING=2 -DCONST=2 \
  -DENTRY=2 -preset_vec=00h,intentry=04h,init,end_init -ppowerup=CODE \
  -pcinit=CODE -pfunctab=ENTRY -k \
  C:\Users\GODOSE~1\AppData\Local\Temp\xcAs189o.o \
  dist/default/production\taller.X.production.o 

Object code version is 3.11

Machine type is 16F18855



                Name                               Link     Load   Length Selector   Space Scale
C:\Users\GODOSE~1\AppData\Local\Temp\xcAs189o.o
                end_init                             A9       A9        2        8       0
                reset_vec                             0        0        2        0       0
                config                             8007     8007        5        0       4
dist/default/production\taller.X.production.o
                cinit                                AB       AB       1A        8       0
                intentry                              4        4       A5        8       0
                config                             8007     8007        5        0       4
                text32                              6E4      6E4        3      CFA       0
                text31                              6E1      6E1        3      CFA       0
                text30                              6E7      6E7        1      CFA       0
                text29                              6D7      6D7        4      CFA       0
                text28                              3C5      3C5       56        8       0
                text27                              5F7      5F7       1F      AF2       0
                text25                              65A      65A       13      AF2       0
                text24                              6DE      6DE        3      CFA       0
                text23                              6DB      6DB        3      CFA       0
                text22                              579      579       2C      AF2       0
                text21                              6C0      6C0        9      CFA       0
                text20                              69C      69C        F      CFA       0
                text19                              68D      68D        F      CFA       0
                text18                              4DF      4DF       39        8       0
                text17                              6B7      6B7        9      CFA       0
                text16                              6AB      6AB        C      CFA       0
                text15                              4A6      4A6       39        8       0
                text14                              67D      67D       10      CFA       0
                text13                              277      277       84        8       0
                text12                              2FB      2FB       71        8       0
                text11                              6C9      6C9        8      CFA       0
                text10                              5CE      5CE       29      AF2       0
                text9                               647      647       13      AF2       0
                text8                               463      463       43        8       0
                text7                               5A5      5A5       29      AF2       0
                text6                               616      616       1B      AF2       0
                text5                               36C      36C       59        8       0
                text4                                C5       C5       EF        8       0
                text3                               1B4      1B4       C3        8       0
                text2                               518      518       31        8       0
                text1                               631      631       16      AF2       0
                maintext                            41B      41B       48        8       0
                cstackBANK0                          20       20       50       20       1
                cstackCOMMON                         76       76        6       70       1
                cstackBANK1                          E0       E0        8       A0       1
                clrtext                             6D1      6D1        6      CFA       0
                bssBANK2                            120      120       20      120       1
                bssBANK1                             A0       A0       40       A0       1
                bssCOMMON                            70       70        6       70       1
                stringtext2                         66D      66D       10      CDA       0
                nvBANK1                              E8       E8        4       A0       1
                stringtext1                         549      549       30      A92       0

TOTAL           Name                               Link     Load   Length     Space
        CLASS   CODE           
                end_init                             A9       A9        2         0
                cinit                                AB       AB       1A         0
                intentry                              4        4       A5         0
                reset_vec                             0        0        2         0
                text32                              6E4      6E4        3         0
                text31                              6E1      6E1        3         0
                text30                              6E7      6E7        1         0
                text29                              6D7      6D7        4         0
                text28                              3C5      3C5       56         0
                text27                              5F7      5F7       1F         0
                text25                              65A      65A       13         0
                text24                              6DE      6DE        3         0
                text23                              6DB      6DB        3         0
                text22                              579      579       2C         0
                text21                              6C0      6C0        9         0
                text20                              69C      69C        F         0
                text19                              68D      68D        F         0
                text18                              4DF      4DF       39         0
                text17                              6B7      6B7        9         0
                text16                              6AB      6AB        C         0
                text15                              4A6      4A6       39         0
                text14                              67D      67D       10         0
                text13                              277      277       84         0
                text12                              2FB      2FB       71         0
                text11                              6C9      6C9        8         0
                text10                              5CE      5CE       29         0
                text9                               647      647       13         0
                text8                               463      463       43         0
                text7                               5A5      5A5       29         0
                text6                               616      616       1B         0
                text5                               36C      36C       59         0
                text4                                C5       C5       EF         0
                text3                               1B4      1B4       C3         0
                text2                               518      518       31         0
                text1                               631      631       16         0
                maintext                            41B      41B       48         0
                clrtext                             6D1      6D1        6         0

        CLASS   STRCODE        
                stringtext2                         66D      66D       10         0
                stringtext1                         549      549       30         0

        CLASS   STRING         

        CLASS   CONST          

        CLASS   ENTRY          

        CLASS   COMMON         
                cstackCOMMON                         76       76        6         1
                bssCOMMON                            70       70        6         1

        CLASS   BANK0          
                cstackBANK0                          20       20       50         1

        CLASS   BANK1          
                cstackBANK1                          E0       E0        8         1
                bssBANK1                             A0       A0       40         1
                nvBANK1                              E8       E8        4         1

        CLASS   BANK2          
                bssBANK2                            120      120       20         1

        CLASS   BANK3          

        CLASS   BANK4          

        CLASS   BANK5          

        CLASS   BANK6          

        CLASS   BANK7          

        CLASS   BANK8          

        CLASS   BANK9          

        CLASS   BANK10         

        CLASS   BANK11         

        CLASS   BANK12         

        CLASS   BIGRAM         

        CLASS   RAM            

        CLASS   ABS1           
                abs_s1                               7E       7E        2         1

        CLASS   SFR0           

        CLASS   SFR1           

        CLASS   SFR2           

        CLASS   SFR3           

        CLASS   SFR4           

        CLASS   SFR5           

        CLASS   SFR6           

        CLASS   SFR7           

        CLASS   SFR8           

        CLASS   SFR9           

        CLASS   SFR10          

        CLASS   SFR11          

        CLASS   SFR12          

        CLASS   SFR13          

        CLASS   SFR14          

        CLASS   SFR15          

        CLASS   SFR16          

        CLASS   SFR17          

        CLASS   SFR18          

        CLASS   SFR19          

        CLASS   SFR20          

        CLASS   SFR21          

        CLASS   SFR22          

        CLASS   SFR23          

        CLASS   SFR24          

        CLASS   SFR25          

        CLASS   SFR26          

        CLASS   SFR27          

        CLASS   SFR28          

        CLASS   SFR29          

        CLASS   SFR30          

        CLASS   SFR31          

        CLASS   CONFIG         
                config                             8007     8007        5         4

        CLASS   IDLOC          

        CLASS   EEDATA         

        CLASS   BANK31         

        CLASS   BANK30         

        CLASS   BANK29         

        CLASS   BANK28         

        CLASS   BANK27         

        CLASS   BANK26         

        CLASS   BANK25         

        CLASS   BANK24         

        CLASS   BANK23         

        CLASS   BANK22         

        CLASS   BANK21         

        CLASS   BANK20         

        CLASS   BANK19         

        CLASS   BANK18         

        CLASS   BANK17         

        CLASS   BANK16         

        CLASS   BANK15         

        CLASS   BANK14         

        CLASS   BANK13         

        CLASS   HEAP           

        CLASS   STACK          



SEGMENTS        Name                           Load    Length   Top    Selector   Space  Class     Delta

                reset_vec                      000000  000002  000002         0       0  CODE        2
                intentry                       000004  000545  000549         8       0  CODE        2
                cstackBANK0                    000020  000050  000070        20       1  BANK0       1
                bssCOMMON                      000070  00000C  00007C        70       1  COMMON      1
                bssBANK1                       0000A0  00004C  0000EC        A0       1  BANK1       1
                bssBANK2                       000120  000020  000140       120       1  BANK2       1
                stringtext1                    000549  000030  000579       A92       0  STRCODE     2
                text22                         000579  0000F4  00066D       AF2       0  CODE        2
                stringtext2                    00066D  000010  00067D       CDA       0  STRCODE     2
                text14                         00067D  00006B  0006E8       CFA       0  CODE        2


UNUSED ADDRESS RANGES

        Name                Unused          Largest block    Delta
        BANK1            000EC-000EF               4           1
        BANK10           00520-0056F              50           1
        BANK11           005A0-005EF              50           1
        BANK12           00620-0064F              30           1
        BANK2            00140-0016F              30           1
        BANK3            001A0-001EF              50           1
        BANK4            00220-0026F              50           1
        BANK5            002A0-002EF              50           1
        BANK6            00320-0036F              50           1
        BANK7            003A0-003EF              50           1
        BANK8            00420-0046F              50           1
        BANK9            004A0-004EF              50           1
        BIGRAM           02000-023EF             3F0           1
        CODE             00002-00003               2           2
                         006E8-01FFF             800
        COMMON           0007C-0007D               2           1
        CONST            00002-00003               2           2
                         006E8-01FFF             100
        EEDATA           0F000-0F0FF             100           2
        ENTRY            00002-00003               2           2
                         006E8-01FFF             100
        IDLOC            08000-08003               4           2
        RAM              000EC-000EF               4           1
                         00140-0016F              30
                         001A0-001EF              50
                         00220-0026F              50
                         002A0-002EF              50
                         00320-0036F              50
                         003A0-003EF              50
                         00420-0046F              50
                         004A0-004EF              50
                         00520-0056F              50
                         005A0-005EF              50
                         00620-0064F              30
        SFR0             00000-0001F              20           1
        SFR1             00080-0009F              20           1
        SFR10            00500-0051F              20           1
        SFR11            00580-0059F              20           1
        SFR12            00600-0061F              20           1
        SFR13            00680-006EF              70           1
        SFR14            00700-0076F              70           1
        SFR15            00780-007EF              70           1
        SFR16            00800-0086F              70           1
        SFR17            00880-008EF              70           1
        SFR18            00900-0096F              70           1
        SFR19            00980-009EF              70           1
        SFR2             00100-0011F              20           1
        SFR20            00A00-00A6F              70           1
        SFR21            00A80-00AEF              70           1
        SFR22            00B00-00B6F              70           1
        SFR23            00B80-00BEF              70           1
        SFR24            00C00-00C6F              70           1
        SFR25            00C80-00CEF              70           1
        SFR26            00D00-00D6F              70           1
        SFR27            00D80-00DEF              70           1
        SFR28            00E00-00E6F              70           1
        SFR29            00E80-00EEF              70           1
        SFR3             00180-0019F              20           1
        SFR30            00F00-00F6F              70           1
        SFR31            00F80-00FEF              70           1
        SFR4             00200-0021F              20           1
        SFR5             00280-0029F              20           1
        SFR6             00300-0031F              20           1
        SFR7             00380-0039F              20           1
        SFR8             00400-0041F              20           1
        SFR9             00480-0049F              20           1
        STRCODE          00002-00003               2           2
                         006E8-01FFF            1918
        STRING           00002-00003               2           2
                         006E8-01FFF             100

                                  Symbol Table

?_ADC_ChannelSelectAndConvert                       cstackBANK0  00020
?___lodiv                                           cstackBANK0  00020
?___lomod                                           cstackBANK0  00020
?_pad                                               cstackBANK0  00035
?_printf                                            cstackBANK1  000E0
?_strlen                                            cstackBANK0  00020
?_utoa                                              cstackBANK0  0003E
?_vfpfcnvrt                                         cstackBANK0  00056
?_vfprintf                                          cstackBANK0  00066
ADC_ChannelSelectAndConvert@channel                 cstackBANK0  00022
EUSART_FramingErrorCallbackRegister@callbackHandler cstackBANK0  00020
EUSART_OverrunErrorCallbackRegister@callbackHandler cstackBANK0  00020
EUSART_ReceiveISR@regValue                          cstackCOMMON 00077
EUSART_ReceiveISR@tempRxHead                        cstackCOMMON 00078
EUSART_TransmitISR@tempTxTail                       cstackCOMMON 00077
EUSART_Write@tempTxHead                             cstackBANK0  00022
EUSART_Write@txData                                 cstackBANK0  00020
INTERRUPT_InterruptManager@received_char            cstackCOMMON 0007B
INT_SetInterruptHandler@InterruptHandler            cstackBANK0  00020
_ADACCH                                             (abs)        00091
_ADACCL                                             (abs)        00090
_ADACQ                                              (abs)        0009D
_ADACT                                              (abs)        00099
_ADCAP                                              (abs)        0009B
_ADCLK                                              (abs)        00098
_ADCNT                                              (abs)        0010C
_ADCON0                                             (abs)        00093
_ADCON0bits                                         (abs)        00093
_ADCON1                                             (abs)        00094
_ADCON1bits                                         (abs)        00094
_ADCON2                                             (abs)        00095
_ADCON2bits                                         (abs)        00095
_ADCON3                                             (abs)        00096
_ADCON3bits                                         (abs)        00096
_ADC_ChannelSelectAndConvert                        text25       0065A
_ADC_ConversionDoneCallback                         bssBANK1     000D0
_ADC_ConversionStart                                text24       006DE
_ADC_ConversionStop                                 text23       006DB
_ADC_ISR                                            text32       006E4
_ADC_Initialize                                     text22       00579
_ADC_ThresholdCallback                              bssBANK1     000CE
_ADC_ThresholdISR                                   text31       006E1
_ADERRH                                             (abs)        00117
_ADERRL                                             (abs)        00116
_ADFLTRH                                            (abs)        00115
_ADFLTRL                                            (abs)        00114
_ADLTHH                                             (abs)        0010F
_ADLTHL                                             (abs)        0010E
_ADPCH                                              (abs)        0009E
_ADPRE                                              (abs)        0009C
_ADPREVH                                            (abs)        0008F
_ADPREVL                                            (abs)        0008E
_ADREF                                              (abs)        0009A
_ADRESH                                             (abs)        0008D
_ADRESL                                             (abs)        0008C
_ADRPT                                              (abs)        0010D
_ADSTAT                                             (abs)        00097
_ADSTATbits                                         (abs)        00097
_ADSTPTH                                            (abs)        00113
_ADSTPTL                                            (abs)        00112
_ADUTHH                                             (abs)        00111
_ADUTHL                                             (abs)        00110
_ANSELA                                             (abs)        00F38
_ANSELB                                             (abs)        00F43
_ANSELC                                             (abs)        00F4E
_BAUD1CON                                           (abs)        0011F
_BAUD1CONbits                                       (abs)        0011F
_CLOCK_Initialize                                   text21       006C0
_EUSART_AutoBaudQuery                               (abs)        00000
_EUSART_AutoBaudSet                                 (abs)        00000
_EUSART_DefaultFramingErrorCallback                 text30       006E7
_EUSART_DefaultOverrunErrorCallback                 text29       006D7
_EUSART_Deinitialize                                (abs)        00000
_EUSART_ErrorGet                                    (abs)        00000
_EUSART_FramingErrorCallbackRegister                text20       0069C
_EUSART_FramingErrorHandler                         bssBANK1     000D4
_EUSART_Initialize                                  text18       004DF
_EUSART_IsRxReady                                   (abs)        00000
_EUSART_IsTxDone                                    (abs)        00000
_EUSART_IsTxReady                                   text11       006C9
_EUSART_OverrunErrorCallbackRegister                text19       0068D
_EUSART_OverrunErrorHandler                         bssBANK1     000D2
_EUSART_Read                                        (abs)        00000
_EUSART_ReceiveISR                                  text28       003C5
_EUSART_RxCompleteCallbackRegister                  (abs)        00000
_EUSART_RxCompleteInterruptHandler                  bssBANK1     000D6
_EUSART_RxInterruptHandler                          nvBANK1      000E8
_EUSART_TransmitDisable                             (abs)        00000
_EUSART_TransmitEnable                              (abs)        00000
_EUSART_TransmitISR                                 text27       005F7
_EUSART_TxCompleteCallbackRegister                  (abs)        00000
_EUSART_TxCompleteInterruptHandler                  bssBANK1     000D8
_EUSART_TxInterruptHandler                          nvBANK1      000EA
_EUSART_Write                                       text10       005CE
_INLVLA                                             (abs)        00F3C
_INLVLB                                             (abs)        00F47
_INLVLC                                             (abs)        00F52
_INLVLE                                             (abs)        00F68
_INTCONbits                                         (abs)        0000B
_INTERRUPT_Initialize                               text16       006AB
_INTERRUPT_InterruptManager                         intentry     00004
_INT_DefaultInterruptHandler                        (abs)        00000
_INT_InterruptHandler                               bssBANK1     000CC
_INT_SetInterruptHandler                            text17       006B7
_IOCAF                                              (abs)        00F3F
_IOCAN                                              (abs)        00F3E
_IOCAP                                              (abs)        00F3D
_IOCBF                                              (abs)        00F4A
_IOCBN                                              (abs)        00F49
_IOCBP                                              (abs)        00F48
_IOCCF                                              (abs)        00F55
_IOCCN                                              (abs)        00F54
_IOCCP                                              (abs)        00F53
_IOCEF                                              (abs)        00F6B
_IOCEN                                              (abs)        00F6A
_IOCEP                                              (abs)        00F69
_LATA                                               (abs)        00016
_LATAbits                                           (abs)        00016
_LATB                                               (abs)        00017
_LATC                                               (abs)        00018
_ODCONA                                             (abs)        00F3A
_ODCONB                                             (abs)        00F45
_ODCONC                                             (abs)        00F50
_OSCCON1                                            (abs)        0088D
_OSCCON3                                            (abs)        0088F
_OSCEN                                              (abs)        00891
_OSCFRQ                                             (abs)        00893
_OSCTUNE                                            (abs)        00892
_PIE1bits                                           (abs)        00717
_PIE3bits                                           (abs)        00719
_PIN_MANAGER_Initialize                             text15       004A6
_PIR0bits                                           (abs)        0070C
_PIR1bits                                           (abs)        0070D
_PIR3bits                                           (abs)        0070F
_PORTAbits                                          (abs)        0000C
_RC0PPS                                             (abs)        00F20
_RC1REG                                             (abs)        00119
_RC1STA                                             (abs)        0011D
_RC1STAbits                                         (abs)        0011D
_RCREG                                              (abs)        00119
_RXPPS                                              (abs)        00ECB
_SLRCONA                                            (abs)        00F3B
_SLRCONB                                            (abs)        00F46
_SLRCONC                                            (abs)        00F51
_SP1BRGH                                            (abs)        0011C
_SP1BRGL                                            (abs)        0011B
_SYSTEM_Initialize                                  text14       0067D
_TRISA                                              (abs)        00011
_TRISB                                              (abs)        00012
_TRISC                                              (abs)        00013
_TX1REG                                             (abs)        0011A
_TX1STA                                             (abs)        0011E
_TX1STAbits                                         (abs)        0011E
_WPUA                                               (abs)        00F39
_WPUB                                               (abs)        00F44
_WPUC                                               (abs)        00F4F
_WPUE                                               (abs)        00F65
__Habs1                                             abs1         00000
__Hbank0                                            bank0        00000
__Hbank1                                            bank1        00000
__Hbank10                                           bank10       00000
__Hbank11                                           bank11       00000
__Hbank12                                           bank12       00000
__Hbank13                                           bank13       00000
__Hbank14                                           bank14       00000
__Hbank15                                           bank15       00000
__Hbank16                                           bank16       00000
__Hbank17                                           bank17       00000
__Hbank18                                           bank18       00000
__Hbank19                                           bank19       00000
__Hbank2                                            bank2        00000
__Hbank20                                           bank20       00000
__Hbank21                                           bank21       00000
__Hbank22                                           bank22       00000
__Hbank23                                           bank23       00000
__Hbank24                                           bank24       00000
__Hbank25                                           bank25       00000
__Hbank26                                           bank26       00000
__Hbank27                                           bank27       00000
__Hbank28                                           bank28       00000
__Hbank29                                           bank29       00000
__Hbank3                                            bank3        00000
__Hbank30                                           bank30       00000
__Hbank31                                           bank31       00000
__Hbank4                                            bank4        00000
__Hbank5                                            bank5        00000
__Hbank6                                            bank6        00000
__Hbank7                                            bank7        00000
__Hbank8                                            bank8        00000
__Hbank9                                            bank9        00000
__Hbigram                                           bigram       00000
__HbssBANK1                                         bssBANK1     00000
__HbssBANK2                                         bssBANK2     00000
__HbssCOMMON                                        bssCOMMON    00000
__Hcinit                                            cinit        000C5
__Hclrtext                                          clrtext      00000
__Hcode                                             code         00000
__Hcommon                                           common       00000
__Hconfig                                           config       0800C
__HcstackBANK0                                      cstackBANK0  00000
__HcstackBANK1                                      cstackBANK1  00000
__HcstackCOMMON                                     cstackCOMMON 00000
__Heeprom_data                                      eeprom_data  00000
__Hend_init                                         end_init     000AB
__Hfunctab                                          functab      00000
__Hheap                                             heap         00000
__Hinit                                             init         000A9
__Hintentry                                         intentry     000A9
__Hmaintext                                         maintext     00000
__HnvBANK1                                          nvBANK1      00000
__Hpowerup                                          powerup      00000
__Hram                                              ram          00000
__Hreset_vec                                        reset_vec    00002
__Hsfr0                                             sfr0         00000
__Hsfr1                                             sfr1         00000
__Hsfr10                                            sfr10        00000
__Hsfr11                                            sfr11        00000
__Hsfr12                                            sfr12        00000
__Hsfr13                                            sfr13        00000
__Hsfr14                                            sfr14        00000
__Hsfr15                                            sfr15        00000
__Hsfr16                                            sfr16        00000
__Hsfr17                                            sfr17        00000
__Hsfr18                                            sfr18        00000
__Hsfr19                                            sfr19        00000
__Hsfr2                                             sfr2         00000
__Hsfr20                                            sfr20        00000
__Hsfr21                                            sfr21        00000
__Hsfr22                                            sfr22        00000
__Hsfr23                                            sfr23        00000
__Hsfr24                                            sfr24        00000
__Hsfr25                                            sfr25        00000
__Hsfr26                                            sfr26        00000
__Hsfr27                                            sfr27        00000
__Hsfr28                                            sfr28        00000
__Hsfr29                                            sfr29        00000
__Hsfr3                                             sfr3         00000
__Hsfr30                                            sfr30        00000
__Hsfr31                                            sfr31        00000
__Hsfr4                                             sfr4         00000
__Hsfr5                                             sfr5         00000
__Hsfr6                                             sfr6         00000
__Hsfr7                                             sfr7         00000
__Hsfr8                                             sfr8         00000
__Hsfr9                                             sfr9         00000
__Hspace_0                                          (abs)        006E8
__Hspace_1                                          (abs)        00140
__Hspace_2                                          (abs)        00000
__Hspace_3                                          (abs)        00000
__Hspace_4                                          (abs)        10013
__Hstack                                            stack        00000
__Hstrings                                          strings      00000
__Hstringtext1                                      stringtext1  00000
__Hstringtext2                                      stringtext2  00000
__Hstringtext3                                      stringtext3  00000
__Htext                                             text         00000
__Labs1                                             abs1         00000
__Lbank0                                            bank0        00000
__Lbank1                                            bank1        00000
__Lbank10                                           bank10       00000
__Lbank11                                           bank11       00000
__Lbank12                                           bank12       00000
__Lbank13                                           bank13       00000
__Lbank14                                           bank14       00000
__Lbank15                                           bank15       00000
__Lbank16                                           bank16       00000
__Lbank17                                           bank17       00000
__Lbank18                                           bank18       00000
__Lbank19                                           bank19       00000
__Lbank2                                            bank2        00000
__Lbank20                                           bank20       00000
__Lbank21                                           bank21       00000
__Lbank22                                           bank22       00000
__Lbank23                                           bank23       00000
__Lbank24                                           bank24       00000
__Lbank25                                           bank25       00000
__Lbank26                                           bank26       00000
__Lbank27                                           bank27       00000
__Lbank28                                           bank28       00000
__Lbank29                                           bank29       00000
__Lbank3                                            bank3        00000
__Lbank30                                           bank30       00000
__Lbank31                                           bank31       00000
__Lbank4                                            bank4        00000
__Lbank5                                            bank5        00000
__Lbank6                                            bank6        00000
__Lbank7                                            bank7        00000
__Lbank8                                            bank8        00000
__Lbank9                                            bank9        00000
__Lbigram                                           bigram       00000
__LbssBANK1                                         bssBANK1     00000
__LbssBANK2                                         bssBANK2     00000
__LbssCOMMON                                        bssCOMMON    00000
__Lcinit                                            cinit        000AB
__Lclrtext                                          clrtext      00000
__Lcode                                             code         00000
__Lcommon                                           common       00000
__Lconfig                                           config       00000
__LcstackBANK0                                      cstackBANK0  00000
__LcstackBANK1                                      cstackBANK1  00000
__LcstackCOMMON                                     cstackCOMMON 00000
__Leeprom_data                                      eeprom_data  00000
__Lend_init                                         end_init     000A9
__Lfunctab                                          functab      00000
__Lheap                                             heap         00000
__Linit                                             init         000A9
__Lintentry                                         intentry     00004
__Lmaintext                                         maintext     00000
__LnvBANK1                                          nvBANK1      00000
__Lpowerup                                          powerup      00000
__Lram                                              ram          00000
__Lreset_vec                                        reset_vec    00000
__Lsfr0                                             sfr0         00000
__Lsfr1                                             sfr1         00000
__Lsfr10                                            sfr10        00000
__Lsfr11                                            sfr11        00000
__Lsfr12                                            sfr12        00000
__Lsfr13                                            sfr13        00000
__Lsfr14                                            sfr14        00000
__Lsfr15                                            sfr15        00000
__Lsfr16                                            sfr16        00000
__Lsfr17                                            sfr17        00000
__Lsfr18                                            sfr18        00000
__Lsfr19                                            sfr19        00000
__Lsfr2                                             sfr2         00000
__Lsfr20                                            sfr20        00000
__Lsfr21                                            sfr21        00000
__Lsfr22                                            sfr22        00000
__Lsfr23                                            sfr23        00000
__Lsfr24                                            sfr24        00000
__Lsfr25                                            sfr25        00000
__Lsfr26                                            sfr26        00000
__Lsfr27                                            sfr27        00000
__Lsfr28                                            sfr28        00000
__Lsfr29                                            sfr29        00000
__Lsfr3                                             sfr3         00000
__Lsfr30                                            sfr30        00000
__Lsfr31                                            sfr31        00000
__Lsfr4                                             sfr4         00000
__Lsfr5                                             sfr5         00000
__Lsfr6                                             sfr6         00000
__Lsfr7                                             sfr7         00000
__Lsfr8                                             sfr8         00000
__Lsfr9                                             sfr9         00000
__Lspace_0                                          (abs)        00000
__Lspace_1                                          (abs)        00000
__Lspace_2                                          (abs)        00000
__Lspace_3                                          (abs)        00000
__Lspace_4                                          (abs)        00000
__Lstack                                            stack        00000
__Lstrings                                          strings      00000
__Lstringtext1                                      stringtext1  00000
__Lstringtext2                                      stringtext2  00000
__Lstringtext3                                      stringtext3  00000
__Ltext                                             text         00000
__S0                                                (abs)        006E8
__S1                                                (abs)        00140
__S3                                                (abs)        00000
___heap_hi                                          (abs)        00000
___heap_lo                                          (abs)        00000
___int_sp                                           stack        00000
___latbits                                          (abs)        00002
___lodiv                                            text13       00277
___lodiv@counter                                    cstackBANK0  00039
___lodiv@dividend                                   cstackBANK0  00028
___lodiv@divisor                                    cstackBANK0  00020
___lodiv@quotient                                   cstackBANK0  00031
___lomod                                            text12       002FB
___lomod@counter                                    cstackBANK0  00031
___lomod@dividend                                   cstackBANK0  00028
___lomod@divisor                                    cstackBANK0  00020
___sp                                               stack        00000
___stackhi                                          (abs)        00000
___stacklo                                          (abs)        00000
__end_of_ADC_ChannelSelectAndConvert                text25       0066D
__end_of_ADC_ConversionStart                        text24       006E1
__end_of_ADC_ConversionStop                         text23       006DE
__end_of_ADC_ISR                                    text32       006E7
__end_of_ADC_Initialize                             text22       005A5
__end_of_ADC_ThresholdISR                           text31       006E4
__end_of_CLOCK_Initialize                           text21       006C9
__end_of_EUSART_DefaultFramingErrorCallback         text30       006E8
__end_of_EUSART_DefaultOverrunErrorCallback         text29       006DB
__end_of_EUSART_FramingErrorCallbackRegister        text20       006AB
__end_of_EUSART_Initialize                          text18       00518
__end_of_EUSART_IsTxReady                           text11       006D1
__end_of_EUSART_OverrunErrorCallbackRegister        text19       0069C
__end_of_EUSART_ReceiveISR                          text28       0041B
__end_of_EUSART_TransmitISR                         text27       00616
__end_of_EUSART_Write                               text10       005F7
__end_of_INTERRUPT_Initialize                       text16       006B7
__end_of_INTERRUPT_InterruptManager                 intentry     000A9
__end_of_INT_SetInterruptHandler                    text17       006C0
__end_of_PIN_MANAGER_Initialize                     text15       004DF
__end_of_SYSTEM_Initialize                          text14       0068D
__end_of_UART1                                      stringtext1  00579
__end_of___lodiv                                    text13       002FB
__end_of___lomod                                    text12       0036C
__end_of__initialization                            cinit        000C1
__end_of_fputc                                      text8        004A6
__end_of_fputs                                      text7        005CE
__end_of_main                                       maintext     00463
__end_of_pad                                        text5        003C5
__end_of_printf                                     text1        00647
__end_of_putch                                      text9        0065A
__end_of_strlen                                     text6        00631
__end_of_utoa                                       text4        001B4
__end_of_vfpfcnvrt                                  text3        00277
__end_of_vfprintf                                   text2        00549
__initialization                                    cinit        000AB
__pbssBANK1                                         bssBANK1     000A0
__pbssBANK2                                         bssBANK2     00120
__pbssCOMMON                                        bssCOMMON    00070
__pcstackBANK0                                      cstackBANK0  00020
__pcstackBANK1                                      cstackBANK1  000E0
__pcstackCOMMON                                     cstackCOMMON 00076
__pintentry                                         intentry     00004
__pmaintext                                         maintext     0041B
__pnvBANK1                                          nvBANK1      000E8
__pstringtext1                                      stringtext1  00549
__pstringtext2                                      stringtext2  0066D
__pstringtext3                                      stringtext3  00000
__ptext1                                            text1        00631
__ptext10                                           text10       005CE
__ptext11                                           text11       006C9
__ptext12                                           text12       002FB
__ptext13                                           text13       00277
__ptext14                                           text14       0067D
__ptext15                                           text15       004A6
__ptext16                                           text16       006AB
__ptext17                                           text17       006B7
__ptext18                                           text18       004DF
__ptext19                                           text19       0068D
__ptext2                                            text2        00518
__ptext20                                           text20       0069C
__ptext21                                           text21       006C0
__ptext22                                           text22       00579
__ptext23                                           text23       006DB
__ptext24                                           text24       006DE
__ptext25                                           text25       0065A
__ptext27                                           text27       005F7
__ptext28                                           text28       003C5
__ptext29                                           text29       006D7
__ptext3                                            text3        001B4
__ptext30                                           text30       006E7
__ptext31                                           text31       006E1
__ptext32                                           text32       006E4
__ptext4                                            text4        000C5
__ptext5                                            text5        0036C
__ptext6                                            text6        00616
__ptext7                                            text7        005A5
__ptext8                                            text8        00463
__ptext9                                            text9        00647
_adc_busy_status                                    bssBANK1     000DE
_adc_value                                          bssBANK1     000DC
_boton_estado                                       bssBANK1     000DF
_dbuf                                               bssBANK2     00120
_eusartRxBuffer                                     bssBANK1     000B0
_eusartRxCount                                      bssCOMMON    00070
_eusartRxHead                                       bssCOMMON    00072
_eusartRxLastError                                  bssBANK1     000DA
_eusartRxStatusBuffer                               bssBANK1     000A0
_eusartRxTail                                       bssCOMMON    00071
_eusartTxBuffer                                     bssBANK1     000B8
_eusartTxBufferRemaining                            bssCOMMON    00073
_eusartTxHead                                       bssCOMMON    00075
_eusartTxTail                                       bssCOMMON    00074
_flags                                              bssBANK1     000CA
_fputc                                              text8        00463
_fputs                                              text7        005A5
_led_state                                          bssBANK1     000C0
_main                                               maintext     0041B
_nout                                               bssBANK1     000C4
_pad                                                text5        0036C
_prec                                               bssBANK1     000C8
_printf                                             text1        00631
_putch                                              text9        00647
_strlen                                             text6        00616
_utoa                                               text4        000C5
_vfpfcnvrt                                          text3        001B4
_vfprintf                                           text2        00518
_width                                              bssBANK1     000C6
btemp                                               (abs)        0007E
clear_ram0                                          clrtext      006D1
end_of_initialization                               cinit        000C1
fputc@c                                             cstackBANK0  00025
fputc@fp                                            cstackBANK0  00027
fputs@c                                             cstackBANK0  00031
fputs@fp                                            cstackBANK0  0002D
fputs@i                                             cstackBANK0  00032
fputs@s                                             cstackBANK0  00034
int$flags                                           (abs)        0007E
intlevel0                                           functab      00000
intlevel1                                           functab      00000
intlevel2                                           functab      00000
intlevel3                                           functab      00000
intlevel4                                           functab      00000
intlevel5                                           functab      00000
pad@buf                                             cstackBANK0  00035
pad@fp                                              cstackBANK0  0003D
pad@i                                               cstackBANK0  00039
pad@p                                               cstackBANK0  00036
pad@w                                               cstackBANK0  0003B
printf@ap                                           cstackBANK0  0006F
printf@fmt                                          cstackBANK1  000E0
putch@txData                                        cstackBANK0  00024
reset_vec                                           reset_vec    00000
start                                               init         000A9
start_initialization                                cinit        000AB
strlen@a                                            cstackBANK0  00023
strlen@s                                            cstackBANK0  00024
utoa@d                                              cstackBANK0  0003E
utoa@fp                                             cstackBANK0  00047
utoa@i                                              cstackBANK0  00054
utoa@n                                              cstackBANK0  0004C
utoa@p                                              cstackBANK0  00048
utoa@w                                              cstackBANK0  0004A
vfpfcnvrt@ap                                        cstackBANK0  00057
vfpfcnvrt@fmt                                       cstackBANK0  00056
vfpfcnvrt@fp                                        cstackBANK0  00065
vfpfcnvrt@llu                                       cstackBANK0  0005D
vfprintf@ap                                         cstackBANK0  00068
vfprintf@cfmt                                       cstackBANK0  0006C
vfprintf@fmt                                        cstackBANK0  00066
vfprintf@fp                                         cstackBANK0  0006B
wtemp0                                              (abs)        0007E


MODULE INFORMATION

Module		Function		Class		Link	Load	Size
C:\Program Files\Microchip\xc8\v2.36\pic\sources\c99\common\lomod.c
		___lomod       		CODE           	02FB	0000	113

C:\Program Files\Microchip\xc8\v2.36\pic\sources\c99\common\lomod.c estimated size: 113

C:\Program Files\Microchip\xc8\v2.36\pic\sources\c99\common\nf_fputs.c
		_fputs         		CODE           	05A5	0000	41

C:\Program Files\Microchip\xc8\v2.36\pic\sources\c99\common\nf_fputs.c estimated size: 41

C:\Program Files\Microchip\xc8\v2.36\pic\sources\c99\common\printf.c
		_printf        		CODE           	0631	0000	22

C:\Program Files\Microchip\xc8\v2.36\pic\sources\c99\common\printf.c estimated size: 22

mcc_generated_files/system/src/interrupt.c
		_INT_SetInterruptHandler		CODE           	06B7	0000	9
		_INTERRUPT_Initialize		CODE           	06AB	0000	12
		_INTERRUPT_InterruptManager		CODE           	0004	0000	165

mcc_generated_files/system/src/interrupt.c estimated size: 186

C:\Program Files\Microchip\xc8\v2.36\pic\sources\c99\common\strlen.c
		_strlen        		CODE           	0616	0000	27

C:\Program Files\Microchip\xc8\v2.36\pic\sources\c99\common\strlen.c estimated size: 27

mcc_generated_files/adc/src/adc.c
		_ADC_Initialize		CODE           	0579	0000	44
		_ADC_ConversionStart		CODE           	06DE	0000	3
		_ADC_ConversionStop		CODE           	06DB	0000	3
		_ADC_ChannelSelectAndConvert		CODE           	065A	0000	19
		_ADC_ISR       		CODE           	06E4	0000	3
		_ADC_ThresholdISR		CODE           	06E1	0000	3

mcc_generated_files/adc/src/adc.c estimated size: 75

C:\Program Files\Microchip\xc8\v2.36\pic\sources\c99\common\lodiv.c
		___lodiv       		CODE           	0277	0000	132

C:\Program Files\Microchip\xc8\v2.36\pic\sources\c99\common\lodiv.c estimated size: 132

C:\Program Files\Microchip\xc8\v2.36\pic\sources\c99\common\nf_fputc.c
		_fputc         		CODE           	0463	0000	67

C:\Program Files\Microchip\xc8\v2.36\pic\sources\c99\common\nf_fputc.c estimated size: 67

mcc_generated_files/system/src/pins.c
		_PIN_MANAGER_Initialize		CODE           	04A6	0000	57

mcc_generated_files/system/src/pins.c estimated size: 57

C:\Program Files\Microchip\xc8\v2.36\pic\sources\c99\common\doprnt.c
		_vfpfcnvrt     		CODE           	01B4	0000	195
		_pad           		CODE           	036C	0000	89
		_vfprintf      		CODE           	0518	0000	49
		_utoa          		CODE           	00C5	0000	239

C:\Program Files\Microchip\xc8\v2.36\pic\sources\c99\common\doprnt.c estimated size: 572

shared
		__initialization		CODE           	00AB	0000	22
		_UART1         		STRCODE        	0000	0000	0

shared estimated size: 22

mcc_generated_files/uart/src/eusart.c
		_EUSART_FramingErrorCallbackRegister		CODE           	069C	0000	15
		_EUSART_OverrunErrorCallbackRegister		CODE           	068D	0000	15
		_putch         		CODE           	0647	0000	19
		_EUSART_Write  		CODE           	05CE	0000	41
		_EUSART_DefaultOverrunErrorCallback		CODE           	06D7	0000	4
		_EUSART_IsTxReady		CODE           	06C9	0000	8
		_EUSART_Initialize		CODE           	04DF	0000	57
		_EUSART_TransmitISR		CODE           	05F7	0000	31
		_EUSART_DefaultFramingErrorCallback		CODE           	06E7	0000	1
		_EUSART_ReceiveISR		CODE           	03C5	0000	86

mcc_generated_files/uart/src/eusart.c estimated size: 277

mcc_generated_files/system/src/clock.c
		_CLOCK_Initialize		CODE           	06C0	0000	9

mcc_generated_files/system/src/clock.c estimated size: 9

main.c
		_main          		CODE           	041B	0000	72

main.c estimated size: 72

mcc_generated_files/system/src/system.c
		_SYSTEM_Initialize		CODE           	067D	0000	16

mcc_generated_files/system/src/system.c estimated size: 16

